101 Crawler Path: (0,0),(1,0)
102 Crawler Path: (9,0),(8,0)
103 Crawler Path: (9,9),(9,8)
104 Crawler Path: (7,0),(8,0) Eaten by 102
105 Crawler Path: (0,9),(0,8)
106 Crawler Path: (5,5),(5,6)
107 Crawler Path: (2,7),(1,7)
108 Crawler Path: (4,3),(5,3) Eaten by 304
109 Crawler Path: (9,4),(8,4)
110 Crawler Path: (3,9),(3,8)
201 Hopper Path: (2,2),(4,2)
202 Hopper Path: (7,7),(7,9)
203 Hopper Path: (0,5),(0,1)
204 Hopper Path: (5,0),(3,0)
205 Hopper Path: (8,3),(9,3)
301 CrissCross Path: (1,1),(2,0)
302 CrissCross Path: (8,8),(9,9)
303 CrissCross Path: (2,6),(3,5)
304 CrissCross Path: (6,2),(5,3)
305 CrissCross Path: (4,4),(5,5)
